
> cyber-entity-frontend@0.1.0 dev
> next dev

▲ Next.js 16.1.6 (Turbopack)
- Local:         http://localhost:3000
- Network:       http://192.168.1.10:3000
- Environments: .env.local

✓ Starting...
Attention: Next.js now collects completely anonymous telemetry regarding usage.
This information is used to shape Next.js' roadmap and prioritize features.
You can learn more, including how to opt-out if you'd not like to participate in this anonymous program, by visiting the following URL:
https://nextjs.org/telemetry

✓ Ready in 1687ms
 GET / 200 in 1853ms (compile: 1751ms, render: 102ms)
 GET /login 200 in 769ms (compile: 759ms, render: 10ms)
 GET /chat 200 in 839ms (compile: 826ms, render: 12ms)
 GET /settings 200 in 497ms (compile: 485ms, render: 13ms)
 GET /settings 200 in 88ms (compile: 4ms, render: 84ms)
 GET /settings 200 in 53ms (compile: 6ms, render: 47ms)
Error: ENOENT: no such file or directory, scandir '/Users/franck/Documents/projets/ELY/PhysicalAgent-master/frontend/src/app'
    at ignore-listed frames {
  errno: -2,
  code: 'ENOENT',
  syscall: 'scandir',
  path: '/Users/franck/Documents/projets/ELY/PhysicalAgent-master/frontend/src/app'
}
⨯ unhandledRejection: Error: ENOENT: no such file or directory, scandir '/Users/franck/Documents/projets/ELY/PhysicalAgent-master/frontend/src/app'
    at ignore-listed frames {
  errno: -2,
  code: 'ENOENT',
  syscall: 'scandir',
  path: '/Users/franck/Documents/projets/ELY/PhysicalAgent-master/frontend/src/app'
}
⨯ unhandledRejection:  Error: ENOENT: no such file or directory, scandir '/Users/franck/Documents/projets/ELY/PhysicalAgent-master/frontend/src/app'
    at ignore-listed frames {
  errno: -2,
  code: 'ENOENT',
  syscall: 'scandir',
  path: '/Users/franck/Documents/projets/ELY/PhysicalAgent-master/frontend/src/app'
}
Error: ENOENT: no such file or directory, scandir '/Users/franck/Documents/projets/ELY/PhysicalAgent-master/frontend/src/app'
    at ignore-listed frames {
  errno: -2,
  code: 'ENOENT',
  syscall: 'scandir',
  path: '/Users/franck/Documents/projets/ELY/PhysicalAgent-master/frontend/src/app'
}
Error: ENOENT: no such file or directory, scandir '/Users/franck/Documents/projets/ELY/PhysicalAgent-master/frontend/src/app'
    at ignore-listed frames {
  errno: -2,
  code: 'ENOENT',
  syscall: 'scandir',
  path: '/Users/franck/Documents/projets/ELY/PhysicalAgent-master/frontend/src/app'
}
Error: ENOENT: no such file or directory, scandir '/Users/franck/Documents/projets/ELY/PhysicalAgent-master/frontend/src/app'
    at ignore-listed frames {
  errno: -2,
  code: 'ENOENT',
  syscall: 'scandir',
  path: '/Users/franck/Documents/projets/ELY/PhysicalAgent-master/frontend/src/app'
}
Error: ENOENT: no such file or directory, scandir '/Users/franck/Documents/projets/ELY/PhysicalAgent-master/frontend/src/app'
    at ignore-listed frames {
  errno: -2,
  code: 'ENOENT',
  syscall: 'scandir',
  path: '/Users/franck/Documents/projets/ELY/PhysicalAgent-master/frontend/src/app'
}
Error: ENOENT: no such file or directory, scandir '/Users/franck/Documents/projets/ELY/PhysicalAgent-master/frontend/src/app'
    at ignore-listed frames {
  errno: -2,
  code: 'ENOENT',
  syscall: 'scandir',
  path: '/Users/franck/Documents/projets/ELY/PhysicalAgent-master/frontend/src/app'
}
Error: ENOENT: no such file or directory, scandir '/Users/franck/Documents/projets/ELY/PhysicalAgent-master/frontend/src/app'
    at ignore-listed frames {
  errno: -2,
  code: 'ENOENT',
  syscall: 'scandir',
  path: '/Users/franck/Documents/projets/ELY/PhysicalAgent-master/frontend/src/app'
}
Error: ENOENT: no such file or directory, scandir '/Users/franck/Documents/projets/ELY/PhysicalAgent-master/frontend/src/app'
    at ignore-listed frames {
  errno: -2,
  code: 'ENOENT',
  syscall: 'scandir',
  path: '/Users/franck/Documents/projets/ELY/PhysicalAgent-master/frontend/src/app'
}
Error: ENOENT: no such file or directory, scandir '/Users/franck/Documents/projets/ELY/PhysicalAgent-master/frontend/src/app'
    at ignore-listed frames {
  errno: -2,
  code: 'ENOENT',
  syscall: 'scandir',
  path: '/Users/franck/Documents/projets/ELY/PhysicalAgent-master/frontend/src/app'
}
⚠ Found a change in next.config.ts. Restarting the server to apply the changes...
▲ Next.js 16.1.6 (Turbopack)
- Local:         http://localhost:3000
- Network:       http://192.168.1.10:3000
- Environments: .env.local

✓ Starting...
✓ Ready in 547ms
  Reload env: .env.local
 GET /settings 200 in 905ms (compile: 784ms, render: 121ms)
 GET /chat 200 in 481ms (compile: 469ms, render: 11ms)
 GET /chat?c=da2a44a9-b867-4cda-9d0b-1a1dae246bec 200 in 31ms (compile: 10ms, render: 21ms)
 GET /settings 200 in 42ms (compile: 18ms, render: 24ms)
 GET /admin 200 in 508ms (compile: 497ms, render: 11ms)
 GET /settings 200 in 34ms (compile: 11ms, render: 23ms)
 GET /settings?google=connected 200 in 57ms (compile: 7ms, render: 49ms)
 GET /dashboard 200 in 299ms (compile: 290ms, render: 9ms)
 GET /chat 200 in 40ms (compile: 18ms, render: 22ms)
✓ Compiled in 58ms
✓ Compiled in 46ms
 GET /settings 200 in 67ms (compile: 16ms, render: 50ms)
 GET /settings 200 in 16ms (compile: 4ms, render: 12ms)
✓ Compiled in 63ms
✓ Compiled in 45ms
 GET /settings 200 in 195ms (compile: 91ms, render: 105ms)
 GET /chat 200 in 38ms (compile: 18ms, render: 20ms)
 GET /chat?c=1d2ae951-f616-485b-ab9f-5eb249006b6b 200 in 40ms (compile: 17ms, render: 23ms)
 GET /chat?c=da2a44a9-b867-4cda-9d0b-1a1dae246bec 200 in 37ms (compile: 15ms, render: 22ms)
 GET /chat?new=1776195344761 200 in 34ms (compile: 15ms, render: 19ms)
 GET /settings 200 in 128ms (compile: 85ms, render: 43ms)
 GET /settings 200 in 60ms (compile: 10ms, render: 50ms)
 GET /chat?c=da2a44a9-b867-4cda-9d0b-1a1dae246bec 200 in 41ms (compile: 22ms, render: 19ms)
 GET /chat?c=b8934e36-380c-4605-a90b-b39ca582698a 200 in 34ms (compile: 14ms, render: 19ms)
 GET /chat?c=b8934e36-380c-4605-a90b-b39ca582698a 200 in 195ms (compile: 37ms, render: 159ms)
 GET /chat?c=b8934e36-380c-4605-a90b-b39ca582698a 200 in 90ms (compile: 31ms, render: 59ms)
✓ Compiled in 88ms
✓ Compiled in 72ms
 GET /chat?c=b8934e36-380c-4605-a90b-b39ca582698a 200 in 138ms (compile: 79ms, render: 59ms)
 GET /chat?c=b8934e36-380c-4605-a90b-b39ca582698a 200 in 39ms (compile: 3ms, render: 37ms)
 GET /chat?c=b8934e36-380c-4605-a90b-b39ca582698a 200 in 36ms (compile: 3ms, render: 34ms)
 GET /chat?c=b8934e36-380c-4605-a90b-b39ca582698a 200 in 71ms (compile: 2ms, render: 68ms)
 GET /chat?c=b8934e36-380c-4605-a90b-b39ca582698a 200 in 70ms (compile: 2ms, render: 68ms)
 GET /chat?c=b8934e36-380c-4605-a90b-b39ca582698a 200 in 72ms (compile: 3ms, render: 70ms)
 GET /chat?c=b8934e36-380c-4605-a90b-b39ca582698a 200 in 63ms (compile: 2ms, render: 61ms)
 GET /chat?c=b8934e36-380c-4605-a90b-b39ca582698a 200 in 72ms (compile: 2ms, render: 69ms)
 GET /chat?c=b8934e36-380c-4605-a90b-b39ca582698a 200 in 63ms (compile: 1961µs, render: 61ms)
 GET /chat?c=b8934e36-380c-4605-a90b-b39ca582698a 200 in 72ms (compile: 1985µs, render: 70ms)
 GET /chat?c=b8934e36-380c-4605-a90b-b39ca582698a 200 in 73ms (compile: 3ms, render: 69ms)
 GET /chat?c=b8934e36-380c-4605-a90b-b39ca582698a 200 in 71ms (compile: 3ms, render: 68ms)
 GET /chat?c=b8934e36-380c-4605-a90b-b39ca582698a 200 in 70ms (compile: 2ms, render: 67ms)
 GET /chat?c=b8934e36-380c-4605-a90b-b39ca582698a 200 in 61ms (compile: 3ms, render: 58ms)
 GET /chat?c=b8934e36-380c-4605-a90b-b39ca582698a 200 in 72ms (compile: 3ms, render: 69ms)
 GET /chat?c=b8934e36-380c-4605-a90b-b39ca582698a 200 in 60ms (compile: 1797µs, render: 58ms)
 GET /chat?c=b8934e36-380c-4605-a90b-b39ca582698a 200 in 50ms (compile: 1897µs, render: 48ms)
 GET /chat?c=b8934e36-380c-4605-a90b-b39ca582698a 200 in 39ms (compile: 2ms, render: 37ms)
 GET /chat?c=b8934e36-380c-4605-a90b-b39ca582698a 200 in 28ms (compile: 3ms, render: 25ms)
 GET /chat?c=b8934e36-380c-4605-a90b-b39ca582698a 200 in 15ms (compile: 2ms, render: 13ms)
 GET /chat?c=b8934e36-380c-4605-a90b-b39ca582698a 200 in 125ms (compile: 52ms, render: 73ms)
 GET /chat?c=b8934e36-380c-4605-a90b-b39ca582698a 200 in 51ms (compile: 1691µs, render: 49ms)
 GET /chat?c=b8934e36-380c-4605-a90b-b39ca582698a 200 in 41ms (compile: 1703µs, render: 39ms)
 GET /chat?c=b8934e36-380c-4605-a90b-b39ca582698a 200 in 29ms (compile: 4ms, render: 25ms)
 GET /chat?c=b8934e36-380c-4605-a90b-b39ca582698a 200 in 103ms (compile: 51ms, render: 51ms)
 GET /chat?c=b8934e36-380c-4605-a90b-b39ca582698a 200 in 35ms (compile: 1974µs, render: 33ms)
 GET /chat?c=b8934e36-380c-4605-a90b-b39ca582698a 200 in 25ms (compile: 2ms, render: 22ms)
 GET /chat?c=b8934e36-380c-4605-a90b-b39ca582698a 200 in 13ms (compile: 2ms, render: 11ms)
 GET /chat?c=b8934e36-380c-4605-a90b-b39ca582698a 200 in 129ms (compile: 60ms, render: 69ms)
 GET /chat?c=b8934e36-380c-4605-a90b-b39ca582698a 200 in 48ms (compile: 3ms, render: 44ms)
 GET /chat?c=b8934e36-380c-4605-a90b-b39ca582698a 200 in 32ms (compile: 3ms, render: 29ms)
 GET /chat?c=b8934e36-380c-4605-a90b-b39ca582698a 200 in 17ms (compile: 3ms, render: 14ms)
 GET /chat?c=b8934e36-380c-4605-a90b-b39ca582698a 200 in 133ms (compile: 63ms, render: 70ms)
 GET /chat?c=b8934e36-380c-4605-a90b-b39ca582698a 200 in 49ms (compile: 1748µs, render: 47ms)
 GET /chat?c=b8934e36-380c-4605-a90b-b39ca582698a 200 in 36ms (compile: 4ms, render: 32ms)
 GET /chat?c=b8934e36-380c-4605-a90b-b39ca582698a 200 in 20ms (compile: 8ms, render: 13ms)
✓ Compiled in 173ms
 GET /chat?c=b8934e36-380c-4605-a90b-b39ca582698a 200 in 199ms (compile: 53ms, render: 146ms)
✓ Compiled in 144ms
 GET /chat?c=b8934e36-380c-4605-a90b-b39ca582698a 200 in 261ms (compile: 83ms, render: 178ms)
✓ Compiled in 34ms
✓ Compiled in 53ms
✓ Compiled in 53ms
✓ Compiled in 98ms
 GET /chat?c=b8934e36-380c-4605-a90b-b39ca582698a 200 in 194ms (compile: 45ms, render: 149ms)
 GET /chat?c=b8934e36-380c-4605-a90b-b39ca582698a 200 in 56ms (compile: 15ms, render: 41ms)
 GET /security 200 in 327ms (compile: 318ms, render: 9ms)
 GET /admin 200 in 111ms (compile: 95ms, render: 15ms)
 GET /dashboard 200 in 117ms (compile: 93ms, render: 23ms)
 GET /settings 200 in 98ms (compile: 83ms, render: 15ms)
 GET /admin 200 in 37ms (compile: 10ms, render: 28ms)
 GET /security 200 in 37ms (compile: 8ms, render: 29ms)
✓ Compiled in 60ms
✓ Compiled in 43ms
✓ Compiled in 47ms
✓ Compiled in 59ms
 GET /security 200 in 55ms (compile: 3ms, render: 51ms)
✓ Compiled in 70ms
✓ Compiled in 63ms
✓ Compiled in 57ms
✓ Compiled in 46ms
✓ Compiled in 146ms
 GET /security 200 in 203ms (compile: 89ms, render: 114ms)
 GET /settings 200 in 98ms (compile: 82ms, render: 16ms)
 GET /dashboard 200 in 97ms (compile: 82ms, render: 15ms)
 GET /security 200 in 31ms (compile: 9ms, render: 22ms)
 GET /admin 200 in 99ms (compile: 81ms, render: 17ms)
 GET /chat 200 in 138ms (compile: 120ms, render: 17ms)
✓ Compiled in 160ms
 GET /chat 200 in 228ms (compile: 50ms, render: 178ms)
✓ Compiled in 22ms
✓ Compiled in 37ms
 GET /chat 200 in 126ms (compile: 48ms, render: 78ms)
 GET /chat 200 in 93ms (compile: 14ms, render: 79ms)
 GET /chat 200 in 71ms (compile: 3ms, render: 69ms)
 GET /chat 200 in 69ms (compile: 3ms, render: 66ms)
 GET /chat 200 in 70ms (compile: 3ms, render: 67ms)
 GET /chat 200 in 67ms (compile: 3ms, render: 64ms)
 GET /chat 200 in 75ms (compile: 3ms, render: 72ms)
 GET /chat 200 in 73ms (compile: 2ms, render: 71ms)
 GET /chat 200 in 64ms (compile: 3ms, render: 62ms)
 GET /chat 200 in 63ms (compile: 2ms, render: 61ms)
 GET /chat 200 in 61ms (compile: 3ms, render: 58ms)
 GET /chat 200 in 61ms (compile: 1998µs, render: 59ms)
 GET /chat 200 in 70ms (compile: 3ms, render: 66ms)
 GET /chat 200 in 71ms (compile: 2ms, render: 69ms)
 GET /chat 200 in 60ms (compile: 2ms, render: 58ms)
 GET /chat 200 in 60ms (compile: 3ms, render: 57ms)
 GET /chat 200 in 61ms (compile: 2ms, render: 59ms)
 GET /chat 200 in 64ms (compile: 3ms, render: 61ms)
 GET /chat 200 in 51ms (compile: 1884µs, render: 49ms)
 GET /chat 200 in 39ms (compile: 1860µs, render: 37ms)
 GET /chat 200 in 31ms (compile: 3ms, render: 28ms)
 GET /chat 200 in 18ms (compile: 4ms, render: 13ms)
✓ Compiled in 3ms
 GET /chat 200 in 156ms (compile: 63ms, render: 93ms)
 GET /chat 200 in 86ms (compile: 4ms, render: 82ms)
 GET /chat 200 in 87ms (compile: 3ms, render: 84ms)
 GET /chat 200 in 95ms (compile: 3ms, render: 92ms)
 GET /chat 200 in 85ms (compile: 4ms, render: 81ms)
✓ Compiled in 0ms
 GET /chat 200 in 113ms (compile: 3ms, render: 109ms)
 GET /chat 200 in 113ms (compile: 2ms, render: 111ms)
 GET /chat 200 in 111ms (compile: 3ms, render: 107ms)
 GET /chat 200 in 97ms (compile: 4ms, render: 93ms)
 GET /chat 200 in 77ms (compile: 5ms, render: 72ms)
 GET /chat 200 in 51ms (compile: 2ms, render: 49ms)
 GET /chat 200 in 62ms (compile: 3ms, render: 59ms)
 GET /chat 200 in 58ms (compile: 1806µs, render: 57ms)
 GET /chat 200 in 71ms (compile: 2ms, render: 69ms)
 GET /chat 200 in 61ms (compile: 2ms, render: 59ms)
 GET /chat 200 in 57ms (compile: 3ms, render: 54ms)
 GET /chat 200 in 57ms (compile: 2ms, render: 55ms)
 GET /chat 200 in 55ms (compile: 1783µs, render: 54ms)
 GET /chat 200 in 58ms (compile: 3ms, render: 56ms)
 GET /chat 200 in 58ms (compile: 1840µs, render: 56ms)
 GET /chat 200 in 46ms (compile: 1959µs, render: 44ms)
 GET /chat 200 in 37ms (compile: 1758µs, render: 35ms)
 GET /chat 200 in 26ms (compile: 1881µs, render: 24ms)
 GET /chat 200 in 16ms (compile: 2ms, render: 14ms)
✓ Compiled in 63ms
✓ Compiled in 242ms
 GET /chat 200 in 42ms (compile: 16ms, render: 25ms)
 GET /chat 200 in 349ms (compile: 136ms, render: 213ms)
 GET /chat 200 in 184ms (compile: 111ms, render: 73ms)
 GET /chat 200 in 192ms (compile: 4ms, render: 188ms)
⚠ Found a change in next.config.ts. Restarting the server to apply the changes...
▲ Next.js 16.1.6 (Turbopack)
- Local:         http://localhost:3000
- Network:       http://192.168.1.10:3000
- Environments: .env.local

✓ Starting...
✓ Ready in 624ms
 GET /chat 200 in 711ms (compile: 509ms, render: 202ms)
 GET /chat 200 in 80ms (compile: 20ms, render: 60ms)
 GET /arena 200 in 411ms (compile: 398ms, render: 13ms)
 GET /icons/icon-512.png 404 in 270ms (compile: 193ms, render: 77ms)
 GET /icons/icon-192.png 404 in 277ms (compile: 189ms, render: 88ms)
 GET /icons/icon-maskable-512.png 404 in 267ms (compile: 221ms, render: 46ms)
 GET /chat 200 in 44ms (compile: 20ms, render: 24ms)
 GET /settings 200 in 127ms (compile: 110ms, render: 17ms)
 GET /dashboard 200 in 132ms (compile: 123ms, render: 9ms)
 GET /security 200 in 99ms (compile: 90ms, render: 10ms)
 GET /admin 200 in 74ms (compile: 64ms, render: 11ms)
[?25h
